#-----------------------------------------------------------
# Vivado v2021.2 (64-bit)
# SW Build 3367213 on Tue Oct 19 02:48:09 MDT 2021
# IP Build 3369179 on Thu Oct 21 08:25:16 MDT 2021
# Start of session at: Wed Nov  2 21:23:52 2022
# Process ID: 49440
# Current directory: C:/Github/jpeg_decoder/pre_test_tools/dma_echo/dma_echo.runs/design_1_zynq_ultra_ps_e_0_0_synth_1
# Command line: vivado.exe -log design_1_zynq_ultra_ps_e_0_0.vds -product Vivado -mode batch -messageDb vivado.pb -notrace -source design_1_zynq_ultra_ps_e_0_0.tcl
# Log file: C:/Github/jpeg_decoder/pre_test_tools/dma_echo/dma_echo.runs/design_1_zynq_ultra_ps_e_0_0_synth_1/design_1_zynq_ultra_ps_e_0_0.vds
# Journal file: C:/Github/jpeg_decoder/pre_test_tools/dma_echo/dma_echo.runs/design_1_zynq_ultra_ps_e_0_0_synth_1\vivado.jou
# Running On: fumi-ark, OS: Windows, CPU Frequency: 3693 MHz, CPU Physical cores: 24, Host memory: 68645 MB
#-----------------------------------------------------------
source design_1_zynq_ultra_ps_e_0_0.tcl -notrace
